Archive member included because of file (symbol)

C:\Users\choeoliv\Desktop\IFKOR FOC DRIVE\PMSM_FOC\FOCLib\libPLL_Estimator.a(pmsm_foc_pll_estimator.o)
                              ./PMSM_FOC/ControlModules/pmsm_foc_interface.o (PLL_Imag)
c:/dave-ide-4.4.2-64bit/eclipse/arm-gcc-49/bin/../lib/gcc/arm-none-eabi/4.9.3/armv6-m\libgcc.a(_arm_cmpsf2.o)
                              ./PMSM_FOC/ControlModules/pmsm_foc_directfoc_startup.o (__aeabi_fcmpgt)
c:/dave-ide-4.4.2-64bit/eclipse/arm-gcc-49/bin/../lib/gcc/arm-none-eabi/4.9.3/armv6-m\libgcc.a(eqsf2.o)
                              c:/dave-ide-4.4.2-64bit/eclipse/arm-gcc-49/bin/../lib/gcc/arm-none-eabi/4.9.3/armv6-m\libgcc.a(_arm_cmpsf2.o) (__eqsf2)
c:/dave-ide-4.4.2-64bit/eclipse/arm-gcc-49/bin/../lib/gcc/arm-none-eabi/4.9.3/armv6-m\libgcc.a(gesf2.o)
                              c:/dave-ide-4.4.2-64bit/eclipse/arm-gcc-49/bin/../lib/gcc/arm-none-eabi/4.9.3/armv6-m\libgcc.a(_arm_cmpsf2.o) (__gesf2)
c:/dave-ide-4.4.2-64bit/eclipse/arm-gcc-49/bin/../lib/gcc/arm-none-eabi/4.9.3/armv6-m\libgcc.a(lesf2.o)
                              c:/dave-ide-4.4.2-64bit/eclipse/arm-gcc-49/bin/../lib/gcc/arm-none-eabi/4.9.3/armv6-m\libgcc.a(_arm_cmpsf2.o) (__lesf2)
c:/dave-ide-4.4.2-64bit/eclipse/arm-gcc-49/bin/../lib/gcc/arm-none-eabi/4.9.3/armv6-m\libgcc.a(floatunsisf.o)
                              ./PMSM_FOC/ControlModules/pmsm_foc_directfoc_startup.o (__aeabi_ui2f)
c:/dave-ide-4.4.2-64bit/eclipse/arm-gcc-49/bin/../lib/gcc/arm-none-eabi/4.9.3/armv6-m\libgcc.a(_clzsi2.o)
                              c:/dave-ide-4.4.2-64bit/eclipse/arm-gcc-49/bin/../lib/gcc/arm-none-eabi/4.9.3/armv6-m\libgcc.a(floatunsisf.o) (__clzsi2)
c:/dave-ide-4.4.2-64bit/eclipse/arm-gcc-49/bin/../lib/gcc/arm-none-eabi/4.9.3/../../../../arm-none-eabi/lib/armv6-m\libg_nano.a(lib_a-init.o)
                              ./Startup/startup_XMC1300.o (__libc_init_array)

Allocating common symbols
Common symbol       size              file

I_AngleQ31          0x4               ./PMSM_FOC/ControlModules/pmsm_foc_functions.o
Vref_CosDelta       0x4               ./PMSM_FOC/ControlModules/pmsm_foc_functions.o
Hall                0x20              ./PMSM_FOC/ControlModules/pmsm_foc_functions.o
SVM                 0x8               ./PMSM_FOC/MIDSys/pmsm_foc_pwmsvm.o
Stall               0x4               ./PMSM_FOC/ControlModules/pmsm_foc_functions.o
ADC                 0x4c              ./PMSM_FOC/ControlModules/pmsm_foc_functions.o
FOCOutput           0x30              ./PMSM_FOC/Configuration/pmsm_foc_uCProbe_parameters.o
Car2Polar           0x1c              ./PMSM_FOC/ControlModules/pmsm_foc_functions.o
Vref_SinDelta       0x4               ./PMSM_FOC/ControlModules/pmsm_foc_functions.o
VrefxSinDelta       0x4               C:\Users\choeoliv\Desktop\IFKOR FOC DRIVE\PMSM_FOC\FOCLib\libPLL_Estimator.a(pmsm_foc_pll_estimator.o)
Speed_in_rpm        0x4               ./PMSM_FOC/MIDSys/pmsm_foc_debug.o
Real_Speed_in_rpm   0x4               ./PMSM_FOC/ControlModules/pmsm_foc_interface.o
PI_Speed            0x28              ./PMSM_FOC/ControlModules/pmsm_foc_pi.o
User_Para           0xa0              ./main.o
Clarke_Transform    0x8               ./PMSM_FOC/ControlModules/pmsm_foc_functions.o
Motor_speed_in_rpm  0x4               ./PMSM_FOC/MIDSys/pmsm_foc_debug.o
FOCInput            0x7c              ./PMSM_FOC/Configuration/pmsm_foc_uCProbe_parameters.o
Current             0x14              ./PMSM_FOC/ControlModules/pmsm_foc_functions.o
Delta_IV            0x4               C:\Users\choeoliv\Desktop\IFKOR FOC DRIVE\PMSM_FOC\FOCLib\libPLL_Estimator.a(pmsm_foc_pll_estimator.o)
g_mcu_reset_status  0x4               ./PMSM_FOC/MCUInit/clock.o
Park_Transform      0x8               ./PMSM_FOC/ControlModules/pmsm_foc_functions.o
PI_PLL              0x28              ./PMSM_FOC/ControlModules/pmsm_foc_pi.o
Epsilon             0x4               ./PMSM_FOC/ControlModules/pmsm_foc_interface.o
PI_Flux             0x28              ./PMSM_FOC/ControlModules/pmsm_foc_pi.o
I_Mag               0x4               ./PMSM_FOC/ControlModules/pmsm_foc_functions.o
Motor               0x64              ./PMSM_FOC/Configuration/pmsm_foc_uCProbe_parameters.o
PI_Torque           0x28              ./PMSM_FOC/ControlModules/pmsm_foc_pi.o
PLL_Estimator       0x14              C:\Users\choeoliv\Desktop\IFKOR FOC DRIVE\PMSM_FOC\FOCLib\libPLL_Estimator.a(pmsm_foc_pll_estimator.o)
OverUnderVolt       0x4               ./PMSM_FOC/ControlModules/pmsm_foc_functions.o
Trip                0x8               ./PMSM_FOC/ControlModules/pmsm_foc_functions.o
Current_I_Mag       0x4               C:\Users\choeoliv\Desktop\IFKOR FOC DRIVE\PMSM_FOC\FOCLib\libPLL_Estimator.a(pmsm_foc_pll_estimator.o)
Update_KpKi         0x4               ./main.o

Discarded input sections

 .text          0x00000000        0x0 ./Startup/startup_XMC1300.o
 .data          0x00000000        0x0 ./Startup/startup_XMC1300.o
[...]
Memory Configuration

Name             Origin             Length             Attributes
FLASH            0x10001000         0x00032000         xr
SRAM             0x20000000         0x00004000         !xr
*default*        0x00000000         0xffffffff

Linker script and memory map

LOAD ./Startup/startup_XMC1300.o
LOAD ./Startup/system_XMC1300.o
LOAD ./PMSM_FOC/MIDSys/pmsm_foc_current_singleshunt.o
LOAD ./PMSM_FOC/MIDSys/pmsm_foc_current_threeshunt.o
LOAD ./PMSM_FOC/MIDSys/pmsm_foc_debug.o
LOAD ./PMSM_FOC/MIDSys/pmsm_foc_pwmsvm.o
LOAD ./PMSM_FOC/MCUInit/adc.o
LOAD ./PMSM_FOC/MCUInit/ccu4.o
LOAD ./PMSM_FOC/MCUInit/ccu8.o
LOAD ./PMSM_FOC/MCUInit/clock.o
LOAD ./PMSM_FOC/MCUInit/gpio.o
LOAD ./PMSM_FOC/MCUInit/math_init.o
LOAD ./PMSM_FOC/MCUInit/mcuinit.o
LOAD ./PMSM_FOC/MCUInit/uart.o
LOAD ./PMSM_FOC/MCUInit/wdt.o
LOAD ./PMSM_FOC/Interrupts/pmsm_foc_ctrap_isr.o
LOAD ./PMSM_FOC/Interrupts/pmsm_foc_error_handling.o
LOAD ./PMSM_FOC/Interrupts/pmsm_foc_statemachine.o
LOAD ./PMSM_FOC/Interrupts/pmsm_foc_vadc_isr.o
LOAD ./PMSM_FOC/ControlModules/pmsm_foc_directfoc_startup.o
LOAD ./PMSM_FOC/ControlModules/pmsm_foc_functions.o
LOAD ./PMSM_FOC/ControlModules/pmsm_foc_interface.o
LOAD ./PMSM_FOC/ControlModules/pmsm_foc_pi.o
LOAD ./PMSM_FOC/ControlModules/pmsm_foc_svmsinetable.o
LOAD ./PMSM_FOC/ControlModules/pmsm_foc_torque_ctrl.o
LOAD ./PMSM_FOC/ControlModules/pmsm_foc_vq_ctrl.o
LOAD ./PMSM_FOC/Configuration/pmsm_foc_uCProbe_parameters.o
LOAD ./Libraries/XMCLib/src/xmc1_eru.o
LOAD ./Libraries/XMCLib/src/xmc1_flash.o
LOAD ./Libraries/XMCLib/src/xmc1_gpio.o
LOAD ./Libraries/XMCLib/src/xmc1_rtc.o
LOAD ./Libraries/XMCLib/src/xmc1_scu.o
LOAD ./Libraries/XMCLib/src/xmc_acmp.o
LOAD ./Libraries/XMCLib/src/xmc_bccu.o
LOAD ./Libraries/XMCLib/src/xmc_can.o
LOAD ./Libraries/XMCLib/src/xmc_ccu4.o
LOAD ./Libraries/XMCLib/src/xmc_ccu8.o
LOAD ./Libraries/XMCLib/src/xmc_common.o
LOAD ./Libraries/XMCLib/src/xmc_eru.o
LOAD ./Libraries/XMCLib/src/xmc_gpio.o
LOAD ./Libraries/XMCLib/src/xmc_i2c.o
LOAD ./Libraries/XMCLib/src/xmc_i2s.o
LOAD ./Libraries/XMCLib/src/xmc_ledts.o
LOAD ./Libraries/XMCLib/src/xmc_math.o
LOAD ./Libraries/XMCLib/src/xmc_pau.o
LOAD ./Libraries/XMCLib/src/xmc_posif.o
LOAD ./Libraries/XMCLib/src/xmc_prng.o
LOAD ./Libraries/XMCLib/src/xmc_rtc.o
LOAD ./Libraries/XMCLib/src/xmc_spi.o
LOAD ./Libraries/XMCLib/src/xmc_uart.o
LOAD ./Libraries/XMCLib/src/xmc_usic.o
LOAD ./Libraries/XMCLib/src/xmc_vadc.o
LOAD ./Libraries/XMCLib/src/xmc_wdt.o
LOAD ./Libraries/Newlib/syscalls.o
LOAD ./main.o
LOAD c:/dave-ide-4.4.2-64bit/eclipse/arm-gcc-49/bin/../lib/gcc/arm-none-eabi/4.9.3/../../../../arm-none-eabi/lib/armv6-m\libm.a
LOAD C:\Users\choeoliv\Desktop\IFKOR FOC DRIVE\PMSM_FOC\FOCLib\libPLL_Estimator.a
START GROUP
LOAD c:/dave-ide-4.4.2-64bit/eclipse/arm-gcc-49/bin/../lib/gcc/arm-none-eabi/4.9.3/armv6-m\libgcc.a
LOAD c:/dave-ide-4.4.2-64bit/eclipse/arm-gcc-49/bin/../lib/gcc/arm-none-eabi/4.9.3/../../../../arm-none-eabi/lib/armv6-m\libg_nano.a
LOAD c:/dave-ide-4.4.2-64bit/eclipse/arm-gcc-49/bin/../lib/gcc/arm-none-eabi/4.9.3/../../../../arm-none-eabi/lib/armv6-m\libc_nano.a
END GROUP
START GROUP
LOAD c:/dave-ide-4.4.2-64bit/eclipse/arm-gcc-49/bin/../lib/gcc/arm-none-eabi/4.9.3/armv6-m\libgcc.a
LOAD c:/dave-ide-4.4.2-64bit/eclipse/arm-gcc-49/bin/../lib/gcc/arm-none-eabi/4.9.3/../../../../arm-none-eabi/lib/armv6-m\libc_nano.a
END GROUP
                0x00000400                stack_size = 0x400

.text           0x10001000     0x1e08
                0x10001000                sText = .
 *(.reset)
 .reset         0x10001000       0x9c ./Startup/startup_XMC1300.o
                0x10001000                __Vectors
                0x10001018                Reset_Handler
                0x10001098                USIC0_5_IRQHandler
                0x10001098                POSIF0_0_IRQHandler
                0x10001098                HardFault_Handler
                0x10001098                VADC0_G1_1_IRQHandler
                0x10001098                SysTick_Handler
                0x10001098                PendSV_Handler
                0x10001098                VADC0_C0_0_IRQHandler
                0x10001098                SCU_0_IRQHandler
                0x10001098                ERU0_0_IRQHandler
                0x10001098                USIC0_0_IRQHandler
                0x10001098                ERU0_2_IRQHandler
                0x10001098                BCCU0_0_IRQHandler
                0x10001098                ERU0_3_IRQHandler
                0x10001098                CCU40_2_IRQHandler
                0x10001098                VADC0_G0_1_IRQHandler
                0x10001098                CCU40_0_IRQHandler
                0x10001098                POSIF0_1_IRQHandler
                0x10001098                VADC0_G0_0_IRQHandler
                0x10001098                MATH0_0_IRQHandler
                0x10001098                VADC0_C0_1_IRQHandler
                0x10001098                SVC_Handler
                0x10001098                USIC0_3_IRQHandler
                0x10001098                VADC0_G1_0_IRQHandler
                0x10001098                CCU40_1_IRQHandler
                0x10001098                SCU_2_IRQHandler
                0x10001098                USIC0_1_IRQHandler
                0x10001098                CCU40_3_IRQHandler
                0x10001098                USIC0_4_IRQHandler
                0x10001098                SCU_1_IRQHandler
                0x10001098                ERU0_1_IRQHandler
                0x10001098                USIC0_2_IRQHandler
                0x10001098                Default_handler
 *(EXCLUDE_FILE(*PI.o *PWMSVM.o *ADC.o *FOC_Lib_Init.o *FOC_Lib.o *FOC_Functions.o) *text*)
 .text.SystemCoreSetup
                0x1000109c        0x4 ./Startup/system_XMC1300.o
                0x1000109c                SystemCoreSetup
 .text.SystemCoreClockUpdate
                0x100010a0       0x4c ./Startup/system_XMC1300.o
                0x100010a0                SystemCoreClockUpdate
 .text.SystemCoreClockSetup
                0x100010ec       0x30 ./Startup/system_XMC1300.o
                0x100010ec                SystemCoreClockSetup
 .text.SystemInit
                0x1000111c        0xc ./Startup/system_XMC1300.o
                0x1000111c                SystemInit
 .text.Get_Current_Bias
                0x10001128       0x1c ./PMSM_FOC/MIDSys/pmsm_foc_current_threeshunt.o
                0x10001128                Get_Current_Bias
 .text.UART_Set_POT_ADC
                0x10001144      0x2d4 ./PMSM_FOC/MIDSys/pmsm_foc_debug.o
                0x10001144                UART_Set_POT_ADC
 .text.ADC_Init
                0x10001418      0x150 ./PMSM_FOC/MCUInit/adc.o
                0x10001418                ADC_Init
 .text.ADC_Pot_Init
                0x10001568       0x28 ./PMSM_FOC/MCUInit/adc.o
                0x10001568                ADC_Pot_Init
 .text.ADC_DCLink_Init
                0x10001590       0x28 ./PMSM_FOC/MCUInit/adc.o
                0x10001590                ADC_DCLink_Init
 .text.CCU4_Init
                0x100015b8       0x24 ./PMSM_FOC/MCUInit/ccu4.o
                0x100015b8                CCU4_Init
 .text.CCU8_Init
                0x100015dc      0x224 ./PMSM_FOC/MCUInit/ccu8.o
                0x100015dc                CCU8_Init
 .text.CCUx_SynStart
                0x10001800       0x94 ./PMSM_FOC/MCUInit/ccu8.o
                0x10001800                CCUx_SynStart
 .text.Reset_Clock_Init
                0x10001894       0x34 ./PMSM_FOC/MCUInit/clock.o
                0x10001894                Reset_Clock_Init
 .text.GPIO_Init
                0x100018c8       0x6c ./PMSM_FOC/MCUInit/gpio.o
                0x100018c8                GPIO_Init
 .text.MATH_Init
                0x10001934       0x1c ./PMSM_FOC/MCUInit/math_init.o
                0x10001934                MATH_Init
 .text.PMSM_FOC_Init
                0x10001950       0x60 ./PMSM_FOC/MCUInit/mcuinit.o
                0x10001950                PMSM_FOC_Init
 .text.UART_Init
                0x100019b0      0x10c ./PMSM_FOC/MCUInit/uart.o
                0x100019b0                UART_Init
 .text.UART_TX_String
                0x10001abc       0x28 ./PMSM_FOC/MCUInit/uart.o
                0x10001abc                UART_TX_String
 .text.UART_TX_Return_NewLine
                0x10001ae4       0x24 ./PMSM_FOC/MCUInit/uart.o
                0x10001ae4                UART_TX_Return_NewLine
 .text.UART_TX_uint16_t
                0x10001b08       0xc4 ./PMSM_FOC/MCUInit/uart.o
                0x10001b08                UART_TX_uint16_t
 .text.WDT_Init
                0x10001bcc       0x10 ./PMSM_FOC/MCUInit/wdt.o
                0x10001bcc                WDT_Init
 .text.CCU80_1_IRQHandler
                0x10001bdc       0x24 ./PMSM_FOC/Interrupts/pmsm_foc_ctrap_isr.o
                0x10001bdc                CCU80_1_IRQHandler
 .text.Error_Handling
                0x10001c00       0x5c ./PMSM_FOC/Interrupts/pmsm_foc_error_handling.o
                0x10001c00                Error_Handling
 .text.DirectFOC_StartUp_Brake_Motor_Bootstrap_Charge
                0x10001c5c       0x88 ./PMSM_FOC/ControlModules/pmsm_foc_directfoc_startup.o
                0x10001c5c                DirectFOC_StartUp_Brake_Motor_Bootstrap_Charge
 .text.DirectFOCRotor_Pre_Positioning
                0x10001ce4      0x124 ./PMSM_FOC/ControlModules/pmsm_foc_directfoc_startup.o
                0x10001ce4                DirectFOCRotor_Pre_Positioning
 .text.Update_Vref_Angle
                0x10001e08       0x28 ./PMSM_FOC/ControlModules/pmsm_foc_functions.o
                0x10001e08                Update_Vref_Angle
 .text.FOC_SystemParameters_Init_OnceOnly
                0x10001e30       0x64 ./PMSM_FOC/ControlModules/pmsm_foc_functions.o
                0x10001e30                FOC_SystemParameters_Init_OnceOnly
 .text.Init_Smooth_Transition_To_FOC
                0x10001e94      0x12c ./PMSM_FOC/ControlModules/pmsm_foc_interface.o
                0x10001e94                Init_Smooth_Transition_To_FOC
 .text.Stop_Motor
                0x10001fc0      0x190 ./PMSM_FOC/ControlModules/pmsm_foc_interface.o
                0x10001fc0                Stop_Motor
 .text.PI_controller_Init
                0x10002150       0xd0 ./PMSM_FOC/ControlModules/pmsm_foc_pi.o
                0x10002150                PI_controller_Init
 .text.MotorControl_Init
                0x10002220       0x90 ./PMSM_FOC/Configuration/pmsm_foc_uCProbe_parameters.o
                0x10002220                MotorControl_Init
 .text.Variables_Init
                0x100022b0       0x84 ./PMSM_FOC/Configuration/pmsm_foc_uCProbe_parameters.o
                0x100022b0                Variables_Init
 .text.XMC_FLASH_ProgramVerifyPage
                0x10002334       0x14 ./Libraries/XMCLib/src/xmc1_flash.o
                0x10002334                XMC_FLASH_ProgramVerifyPage
 .text.XMC_GPIO_Init
                0x10002348       0x7c ./Libraries/XMCLib/src/xmc1_gpio.o
                0x10002348                XMC_GPIO_Init
 .text.XMC_SCU_CLOCK_UngatePeripheralClock
                0x100023c4       0x30 ./Libraries/XMCLib/src/xmc1_scu.o
                0x100023c4                XMC_SCU_CLOCK_UngatePeripheralClock
 .text.XMC_SCU_CLOCK_ScaleMCLKFrequency
                0x100023f4       0xd0 ./Libraries/XMCLib/src/xmc1_scu.o
                0x100023f4                XMC_SCU_CLOCK_ScaleMCLKFrequency
 .text.XMC_SCU_CLOCK_Init
                0x100024c4       0x40 ./Libraries/XMCLib/src/xmc1_scu.o
                0x100024c4                XMC_SCU_CLOCK_Init
 .text.XMC_CCU4_Init
                0x10002504       0x34 ./Libraries/XMCLib/src/xmc_ccu4.o
                0x10002504                XMC_CCU4_Init
 .text.XMC_CCU4_SetModuleClock
                0x10002538       0x10 ./Libraries/XMCLib/src/xmc_ccu4.o
                0x10002538                XMC_CCU4_SetModuleClock
 .text.XMC_CCU8_Init
                0x10002548       0x30 ./Libraries/XMCLib/src/xmc_ccu8.o
                0x10002548                XMC_CCU8_Init
 .text.XMC_CCU8_SLICE_CompareInit
                0x10002578       0x3c ./Libraries/XMCLib/src/xmc_ccu8.o
                0x10002578                XMC_CCU8_SLICE_CompareInit
 .text.XMC_CCU8_SLICE_StartConfig
                0x100025b4       0x28 ./Libraries/XMCLib/src/xmc_ccu8.o
                0x100025b4                XMC_CCU8_SLICE_StartConfig
 .text.XMC_CCU8_SLICE_TrapConfig
                0x100025dc       0x3c ./Libraries/XMCLib/src/xmc_ccu8.o
                0x100025dc                XMC_CCU8_SLICE_TrapConfig
 .text.XMC_CCU8_SLICE_ConfigureEvent
                0x10002618       0x60 ./Libraries/XMCLib/src/xmc_ccu8.o
                0x10002618                XMC_CCU8_SLICE_ConfigureEvent
 .text.XMC_CCU8_SLICE_SetTimerPeriodMatch
                0x10002678        0x4 ./Libraries/XMCLib/src/xmc_ccu8.o
                0x10002678                XMC_CCU8_SLICE_SetTimerPeriodMatch
 .text.XMC_CCU8_SLICE_SetInterruptNode
                0x1000267c       0x34 ./Libraries/XMCLib/src/xmc_ccu8.o
                0x1000267c                XMC_CCU8_SLICE_SetInterruptNode
 .text.XMC_CCU8_SLICE_DeadTimeInit
                0x100026b0       0x10 ./Libraries/XMCLib/src/xmc_ccu8.o
                0x100026b0                XMC_CCU8_SLICE_DeadTimeInit
 .text.XMC_GPIO_SetMode
                0x100026c0       0x24 ./Libraries/XMCLib/src/xmc_gpio.o
                0x100026c0                XMC_GPIO_SetMode
 .text.__aeabi_uidiv
                0x100026e4       0x14 ./Libraries/XMCLib/src/xmc_math.o
                0x100026e4                __aeabi_uidiv
 .text.XMC_VADC_GLOBAL_Init
                0x100026f8       0x44 ./Libraries/XMCLib/src/xmc_vadc.o
                0x100026f8                XMC_VADC_GLOBAL_Init
 .text.XMC_VADC_GLOBAL_StartupCalibration
                0x1000273c       0x48 ./Libraries/XMCLib/src/xmc_vadc.o
                0x1000273c                XMC_VADC_GLOBAL_StartupCalibration
 .text.XMC_VADC_GROUP_Init
                0x10002784       0xd4 ./Libraries/XMCLib/src/xmc_vadc.o
                0x10002784                XMC_VADC_GROUP_Init
 .text.XMC_VADC_GROUP_SetPowerMode
                0x10002858       0x10 ./Libraries/XMCLib/src/xmc_vadc.o
                0x10002858                XMC_VADC_GROUP_SetPowerMode
 .text.XMC_VADC_GROUP_SetSyncSlave
                0x10002868       0x18 ./Libraries/XMCLib/src/xmc_vadc.o
                0x10002868                XMC_VADC_GROUP_SetSyncSlave
 .text.XMC_VADC_GROUP_SetSyncMaster
                0x10002880        0xc ./Libraries/XMCLib/src/xmc_vadc.o
                0x10002880                XMC_VADC_GROUP_SetSyncMaster
 .text.XMC_VADC_GROUP_CheckSlaveReadiness
                0x1000288c        0xc ./Libraries/XMCLib/src/xmc_vadc.o
                0x1000288c                XMC_VADC_GROUP_CheckSlaveReadiness
 .text.XMC_VADC_GLOBAL_SHS_SetGainFactor
                0x10002898       0x2c ./Libraries/XMCLib/src/xmc_vadc.o
                0x10002898                XMC_VADC_GLOBAL_SHS_SetGainFactor
 .text.XMC_VADC_GROUP_QueueInit
                0x100028c4       0x80 ./Libraries/XMCLib/src/xmc_vadc.o
                0x100028c4                XMC_VADC_GROUP_QueueInit
 .text.XMC_VADC_GROUP_ChannelInit
                0x10002944       0x78 ./Libraries/XMCLib/src/xmc_vadc.o
                0x10002944                XMC_VADC_GROUP_ChannelInit
 .text.XMC_WDT_Init
                0x100029bc       0x20 ./Libraries/XMCLib/src/xmc_wdt.o
                0x100029bc                XMC_WDT_Init
 .text._init    0x100029dc        0x4 ./Libraries/Newlib/syscalls.o
                0x100029dc                _init
 .text.startup.main
                0x100029e0       0xb8 ./main.o
                0x100029e0                main
 .text          0x10002a98       0x74 c:/dave-ide-4.4.2-64bit/eclipse/arm-gcc-49/bin/../lib/gcc/arm-none-eabi/4.9.3/armv6-m\libgcc.a(_arm_cmpsf2.o)
                0x10002a98                __aeabi_cfrcmple
                0x10002aa0                __aeabi_cfcmpeq
                0x10002aa0                __aeabi_cfcmple
                0x10002ab0                __aeabi_fcmpeq
                0x10002abc                __aeabi_fcmplt
                0x10002ad0                __aeabi_fcmple
                0x10002ae4                __aeabi_fcmpgt
                0x10002af8                __aeabi_fcmpge
 .text          0x10002b0c       0x54 c:/dave-ide-4.4.2-64bit/eclipse/arm-gcc-49/bin/../lib/gcc/arm-none-eabi/4.9.3/armv6-m\libgcc.a(eqsf2.o)
                0x10002b0c                __eqsf2
                0x10002b0c                __nesf2
 .text          0x10002b60       0x94 c:/dave-ide-4.4.2-64bit/eclipse/arm-gcc-49/bin/../lib/gcc/arm-none-eabi/4.9.3/armv6-m\libgcc.a(gesf2.o)
                0x10002b60                __gesf2
                0x10002b60                __gtsf2
 .text          0x10002bf4       0x8c c:/dave-ide-4.4.2-64bit/eclipse/arm-gcc-49/bin/../lib/gcc/arm-none-eabi/4.9.3/armv6-m\libgcc.a(lesf2.o)
                0x10002bf4                __ltsf2
                0x10002bf4                __lesf2
 .text          0x10002c80       0x90 c:/dave-ide-4.4.2-64bit/eclipse/arm-gcc-49/bin/../lib/gcc/arm-none-eabi/4.9.3/armv6-m\libgcc.a(floatunsisf.o)
                0x10002c80                __aeabi_ui2f
 .text          0x10002d10       0x3c c:/dave-ide-4.4.2-64bit/eclipse/arm-gcc-49/bin/../lib/gcc/arm-none-eabi/4.9.3/armv6-m\libgcc.a(_clzsi2.o)
                0x10002d10                __clzsi2
 .text.__libc_init_array
                0x10002d4c       0x4c c:/dave-ide-4.4.2-64bit/eclipse/arm-gcc-49/bin/../lib/gcc/arm-none-eabi/4.9.3/../../../../arm-none-eabi/lib/armv6-m\libg_nano.a(lib_a-init.o)
                0x10002d4c                __libc_init_array
 .text.__libc_init_array.__stub
                0x10002d98       0x70 linker stubs
 *(.gnu.linkonce.t.*)
 *(.glue*)
 .glue_7        0x00000000        0x0 linker stubs
 .glue_7t       0x00000000        0x0 linker stubs
 *(.v4*)
 .v4_bx         0x00000000        0x0 linker stubs
 *(.vfp11_veneer)
 .vfp11_veneer  0x00000000        0x0 linker stubs
 *(.init)
                0x10002e08                __preinit_array_start = .
 *(.preinit_array)
                0x10002e08                __preinit_array_end = .
                0x10002e08                __init_array_start = .
 *(SORT(.init_array.*))
 *(.init_array)
                0x10002e08                __init_array_end = .
 *crtbegin.o(.ctors)
 *(EXCLUDE_FILE(*crtend.o) .ctors)
 *(SORT(.ctors.*))
 *crtend.o(.ctors)
 *(.fini)
                0x10002e08                __fini_array_start = .
 *(.fini_array)
 *(SORT(.fini_array.*))
                0x10002e08                __fini_array_end = .
 *crtbegin.o(.dtors)
 *(EXCLUDE_FILE(*crtend.o) .dtors)
 *(SORT(.dtors.*))
 *crtend.o(.dtors)
                0x10002e08                __extab_start = .
 *(.ARM.extab* .gnu.linkonce.armextab.*)
                0x10002e08                . = ALIGN (0x4)
                0x10002e08                __extab_end = ABSOLUTE (.)

.iplt           0x10002e08        0x0
 .iplt          0x00000000        0x0 ./Startup/startup_XMC1300.o

.ARM.exidx      0x10002e08        0x0
                0x10002e08                __exidx_start = .
 *(.ARM.exidx* .gnu.linkonce.armexidx.*)
                0x10002e08                . = ALIGN (0x4)
                0x10002e08                __exidx_end = ABSOLUTE (.)

.rodata         0x10002e08      0x474
 *(.rodata .rodata.*)
 .rodata.UART_Set_POT_ADC
                0x10002e08      0x108 ./PMSM_FOC/MIDSys/pmsm_foc_debug.o
 .rodata.str1.4
                0x10002f10       0xe2 ./PMSM_FOC/MIDSys/pmsm_foc_debug.o
                                 0xe4 (size before relaxing)
 *fill*         0x10002ff2        0x2 
 .rodata        0x10002ff4       0x14 ./PMSM_FOC/MIDSys/pmsm_foc_pwmsvm.o
 .rodata.str1.4
                0x10003008       0x11 ./PMSM_FOC/MCUInit/mcuinit.o
                                 0x14 (size before relaxing)
 *fill*         0x10003019        0x3 
 .rodata.str1.4
                0x1000301c       0x10 ./PMSM_FOC/Interrupts/pmsm_foc_ctrap_isr.o
 .rodata.Sinus60_tab
                0x1000302c      0x200 ./PMSM_FOC/ControlModules/pmsm_foc_svmsinetable.o
                0x1000302c                Sinus60_tab
 .rodata.CSWTCH.43
                0x1000322c       0x28 ./Libraries/XMCLib/src/xmc_ccu8.o
 .rodata.CSWTCH.44
                0x10003254       0x28 ./Libraries/XMCLib/src/xmc_ccu8.o
 *(.gnu.linkonce.r*)
                0x10003280                . = ALIGN (0x10)
                0x10003280                eROData = .

.VENEER_Code    0x2000000c      0x138 load address 0x10003280
                0x2000000c                VeneerStart = .
 *(.XmcVeneerCode)
 .XmcVeneerCode
                0x2000000c      0x138 ./Startup/startup_XMC1300.o
                0x2000000c                HardFault_Veneer
                0x2000002c                SVC_Veneer
                0x20000038                PendSV_Veneer
                0x2000003c                SysTick_Veneer
                0x20000040                SCU_0_Veneer
                0x20000044                SCU_1_Veneer
                0x20000048                SCU_2_Veneer
                0x2000004c                SCU_3_Veneer
                0x20000050                SCU_4_Veneer
                0x20000054                SCU_5_Veneer
                0x20000058                SCU_6_Veneer
                0x2000005c                MATH_Veneer
                0x20000064                USIC0_0_Veneer
                0x20000068                USIC0_1_Veneer
                0x2000006c                USIC0_2_Veneer
                0x20000070                USIC0_3_Veneer
                0x20000074                USIC0_4_Veneer
                0x20000078                USIC0_5_Veneer
                0x2000007c                VADC0_C0_0_Veneer
                0x20000080                VADC0_C0_1_Veneer
                0x20000084                VADC0_G0_0_Veneer
                0x20000088                VADC0_G0_1_Veneer
                0x2000008c                VADC0_G1_0_Veneer
                0x20000090                VADC0_G1_1_Veneer
                0x20000094                CCU40_0_Veneer
                0x20000098                CCU40_1_Veneer
                0x2000009c                CCU40_2_Veneer
                0x200000a0                CCU40_3_Veneer
                0x200000a4                CCU80_0_Veneer
                0x200000a8                CCU80_1_Veneer
                0x200000ac                POSIF0_0_Veneer
                0x200000b0                POSIF0_1_Veneer
                0x200000bc                BCCU0_0_Veneer
                0x20000144                . = ALIGN (0x4)
                0x20000144                VeneerEnd = .
                0x00000138                VeneerSize = (ABSOLUTE (VeneerEnd) - ABSOLUTE (VeneerStart))

Stack           0x20000144      0x404 load address 0x00000000
                0x20000148                . = ALIGN (0x8)
 *fill*         0x20000144        0x4 
                0x20000548                . = (. + stack_size)
 *fill*         0x20000148      0x400 
                0x20000548                __initial_sp = .
                0x100033b8                DataLoadAddr = (eROData + VeneerSize)

.data           0x20000548      0x114 load address 0x100033b8
                0x20000548                __data_start = .
 *(.data)
 *(.data*)
 .data.UART_Received_Data.8849
                0x20000548        0x2 ./PMSM_FOC/MIDSys/pmsm_foc_debug.o
 *fill*         0x2000054a        0x2 
 .data.VADC_grp0_ch0_init
                0x2000054c       0x10 ./PMSM_FOC/MCUInit/adc.o
                0x2000054c                VADC_grp0_ch0_init
 .data.VADC_grp1_ch1_init
                0x2000055c       0x10 ./PMSM_FOC/MCUInit/adc.o
                0x2000055c                VADC_grp1_ch1_init
 .data.VADC_grp1_init
                0x2000056c       0x14 ./PMSM_FOC/MCUInit/adc.o
                0x2000056c                VADC_grp1_init
 .data.VADC_grp0_ch1_init
                0x20000580       0x10 ./PMSM_FOC/MCUInit/adc.o
                0x20000580                VADC_grp0_ch1_init
 .data.VADC_grp1_queue_entry_pot
                0x20000590        0x4 ./PMSM_FOC/MCUInit/adc.o
                0x20000590                VADC_grp1_queue_entry_pot
 .data.VADC_global_config
                0x20000594       0x18 ./PMSM_FOC/MCUInit/adc.o
                0x20000594                VADC_global_config
 .data.VADC_grp1_queue_entry_alias_ch1
                0x200005ac        0x4 ./PMSM_FOC/MCUInit/adc.o
                0x200005ac                VADC_grp1_queue_entry_alias_ch1
 .data.VADC_grp0_init
                0x200005b0       0x14 ./PMSM_FOC/MCUInit/adc.o
                0x200005b0                VADC_grp0_init
 .data.VADC_channel_pot_init
                0x200005c4       0x10 ./PMSM_FOC/MCUInit/adc.o
                0x200005c4                VADC_channel_pot_init
 .data.VADC_grp1_queue_entry_volt_DC
                0x200005d4        0x4 ./PMSM_FOC/MCUInit/adc.o
                0x200005d4                VADC_grp1_queue_entry_volt_DC
 .data.VADC_grp1_ch0_init
                0x200005d8       0x10 ./PMSM_FOC/MCUInit/adc.o
                0x200005d8                VADC_grp1_ch0_init
 .data.VADC_grp1_queue_entry_alias_ch0
                0x200005e8        0x4 ./PMSM_FOC/MCUInit/adc.o
                0x200005e8                VADC_grp1_queue_entry_alias_ch0
 .data.VADC_grp_queue_config
                0x200005ec        0xc ./PMSM_FOC/MCUInit/adc.o
                0x200005ec                VADC_grp_queue_config
 .data.VADC_channel_vdc_init
                0x200005f8       0x10 ./PMSM_FOC/MCUInit/adc.o
                0x200005f8                VADC_channel_vdc_init
 .data.CCU8_ADC_TriggerInit
                0x20000608       0x10 ./PMSM_FOC/MCUInit/ccu8.o
                0x20000608                CCU8_ADC_TriggerInit
 .data.CCU8_PWM_Deadtime_config
                0x20000618        0xc ./PMSM_FOC/MCUInit/ccu8.o
                0x20000618                CCU8_PWM_Deadtime_config
 .data.CCU8_PhaseInit
                0x20000624       0x10 ./PMSM_FOC/MCUInit/ccu8.o
                0x20000624                CCU8_PhaseInit
 .data.CCU8_Input_event0_config
                0x20000634        0x4 ./PMSM_FOC/MCUInit/ccu8.o
                0x20000634                CCU8_Input_event0_config
 .data.CCU8_Input_trap_config
                0x20000638        0x4 ./PMSM_FOC/MCUInit/ccu8.o
                0x20000638                CCU8_Input_trap_config
 .data.clock_config
                0x2000063c        0xc ./PMSM_FOC/MCUInit/clock.o
                0x2000063c                clock_config
 .data.IO_PadConfig_Pushpull
                0x20000648        0x8 ./PMSM_FOC/MCUInit/gpio.o
                0x20000648                IO_PadConfig_Pushpull
 .data.wdt_init
                0x20000650        0xc ./PMSM_FOC/MCUInit/wdt.o
                0x20000650                wdt_init
 *(*.data)
 *(.gnu.linkonce.d*)
                0x2000065c                . = ALIGN (0x4)
                0x2000065c                __data_end = .
                0x00000114                __data_size = (__data_end - __data_start)

.igot.plt       0x2000065c        0x0 load address 0x100034cc
 .igot.plt      0x00000000        0x0 ./Startup/startup_XMC1300.o

.ram_code       0x20000660      0x998 load address 0x100034cc
                0x20000660                __ram_code_start = .
 *FOC_Functions.o(*text*)
 *FOC_Lib.o(*text*)
 *FOC_Lib_Init.o(*text*)
 *ADC.o(*text*)
 *PWMSVM.o(*text*)
 *PI.o(*text*)
 *(.ram_code)
 .ram_code      0x20000660       0x88 ./PMSM_FOC/MIDSys/pmsm_foc_current_threeshunt.o
                0x20000660                Get_ADCPhaseCurrent
 .ram_code      0x200006e8      0x18c ./PMSM_FOC/MIDSys/pmsm_foc_pwmsvm.o
                0x200006e8                PWMSVM01_Update
 .ram_code      0x20000874       0x74 ./PMSM_FOC/Interrupts/pmsm_foc_statemachine.o
                0x20000874                CCU80_0_IRQHandler
 .ram_code      0x200008e8      0x140 ./PMSM_FOC/ControlModules/pmsm_foc_functions.o
                0x200008e8                Current_Reconstruction
                0x20000910                Misc_Works_of_FOC
                0x200009e8                Adjust_FOC_Parameters
 .ram_code      0x20000a28      0x170 ./PMSM_FOC/ControlModules/pmsm_foc_interface.o
                0x20000a28                Linear_Ramp_Generator
                0x20000a8c                SCurve_Ramp_Generator
                0x20000b30                Misc_Works_of_IRQ
 .ram_code      0x20000b98      0x30c ./PMSM_FOC/ControlModules/pmsm_foc_torque_ctrl.o
                0x20000b98                FOC_Torque_Controller
                0x20000e4c                Linear_Torque_Ramp_Generator
 .ram_code      0x20000ea4      0x104 C:\Users\choeoliv\Desktop\IFKOR FOC DRIVE\PMSM_FOC\FOCLib\libPLL_Estimator.a(pmsm_foc_pll_estimator.o)
                0x20000ea4                PLL_Imag
                0x20000ebc                PLL_Imag_GetResult
                0x20000ecc                PLL_Vref
                0x20000f18                PLL_Vref_GetResult
                0x20000f24                PLL_GetPosSpd
 .ram_code.__stub
                0x20000fa8       0x50 linker stubs
                0x20000ff8                . = ALIGN (0x4)
                0x20000ff8                __ram_code_end = .
                0x100034cc                __ram_code_load = LOADADDR (.ram_code)
                0x00000998                __ram_code_size = (__ram_code_end - __ram_code_start)

.rel.dyn        0x20000ff8        0x0 load address 0x10003e64
 .rel.iplt      0x00000000        0x0 ./Startup/startup_XMC1300.o

.bss            0x20000ff8      0x378 load address 0x10003e64
                0x20000ff8                __bss_start = .
 *(.bss)
 *(.bss*)
 .bss.IDIV.4926
                0x20000ff8        0x4 ./Startup/system_XMC1300.o
 .bss.FDIV.4927
                0x20000ffc        0x4 ./Startup/system_XMC1300.o
 .bss.Cycle_Counter.8362
                0x20001000        0x4 ./PMSM_FOC/Interrupts/pmsm_foc_error_handling.o
 .bss.local_counter.8414
                0x20001004        0x4 ./PMSM_FOC/ControlModules/pmsm_foc_interface.o
 .bss.Iq_counter.8388
                0x20001008        0x4 ./PMSM_FOC/ControlModules/pmsm_foc_torque_ctrl.o
 .bss.Tmp_Ik_Uk.8012
                0x2000100c        0x4 ./PMSM_FOC/ControlModules/pmsm_foc_torque_ctrl.o
 *(COMMON)
 COMMON         0x20001010        0x8 ./PMSM_FOC/MIDSys/pmsm_foc_debug.o
                0x20001010                Speed_in_rpm
                0x20001014                Motor_speed_in_rpm
 COMMON         0x20001018        0x8 ./PMSM_FOC/MIDSys/pmsm_foc_pwmsvm.o
                0x20001018                SVM
 COMMON         0x20001020        0x4 ./PMSM_FOC/MCUInit/clock.o
                0x20001020                g_mcu_reset_status
 COMMON         0x20001024       0xcc ./PMSM_FOC/ControlModules/pmsm_foc_functions.o
                0x20001024                I_AngleQ31
                0x20001028                Vref_CosDelta
                0x2000102c                Hall
                0x2000104c                Stall
                0x20001050                ADC
                0x2000109c                Car2Polar
                0x200010b8                Vref_SinDelta
                0x200010bc                Clarke_Transform
                0x200010c4                Current
                0x200010d8                Park_Transform
                0x200010e0                I_Mag
                0x200010e4                OverUnderVolt
                0x200010e8                Trip
 COMMON         0x200010f0        0x8 ./PMSM_FOC/ControlModules/pmsm_foc_interface.o
                0x200010f0                Real_Speed_in_rpm
                0x200010f4                Epsilon
 COMMON         0x200010f8       0xa0 ./PMSM_FOC/ControlModules/pmsm_foc_pi.o
                0x200010f8                PI_Speed
                0x20001120                PI_PLL
                0x20001148                PI_Flux
                0x20001170                PI_Torque
 COMMON         0x20001198      0x110 ./PMSM_FOC/Configuration/pmsm_foc_uCProbe_parameters.o
                0x20001198                FOCOutput
                0x200011c8                FOCInput
                0x20001244                Motor
 COMMON         0x200012a8       0xa4 ./main.o
                0x200012a8                User_Para
                0x20001348                Update_KpKi
 COMMON         0x2000134c       0x20 C:\Users\choeoliv\Desktop\IFKOR FOC DRIVE\PMSM_FOC\FOCLib\libPLL_Estimator.a(pmsm_foc_pll_estimator.o)
                0x2000134c                VrefxSinDelta
                0x20001350                Delta_IV
                0x20001354                PLL_Estimator
                0x20001368                Current_I_Mag
 *(.gnu.linkonce.b*)
                0x2000136c                . = ALIGN (0x4)
                0x2000136c                __bss_end = .
                0x20001370                . = ALIGN (0x8)
 *fill*         0x2000136c        0x4 
                0x20001370                Heap_Bank1_Start = .
                0x00000374                __bss_size = (__bss_end - __bss_start)

.no_init        0x20003ffc        0x4 load address 0x10006e68
                0x20003ffc                Heap_Bank1_End = .
 *(.no_init)
 .no_init       0x20003ffc        0x4 ./Startup/system_XMC1300.o
                0x20003ffc                SystemCoreClock
                0x00002c8c                Heap_Bank1_Size = (Heap_Bank1_End - Heap_Bank1_Start)

/DISCARD/
 *(.comment)

.stab
 *(.stab)

.stabstr
 *(.stabstr)

.debug
 *(.debug)

.line
 *(.line)

.debug_srcinfo
 *(.debug_srcinfo)

.debug_sfnames
 *(.debug_sfnames)

.debug_aranges  0x00000000      0xca0
 *(.debug_aranges)
 .debug_aranges
                0x00000000       0x28 ./Startup/startup_XMC1300.o
 .debug_aranges
                0x00000028       0x38 ./Startup/system_XMC1300.o
 .debug_aranges
                0x00000060       0x28 ./PMSM_FOC/MIDSys/pmsm_foc_current_threeshunt.o
 .debug_aranges
                0x00000088       0x28 ./PMSM_FOC/MIDSys/pmsm_foc_debug.o
 .debug_aranges
                0x000000b0       0x20 ./PMSM_FOC/MIDSys/pmsm_foc_pwmsvm.o
 .debug_aranges
                0x000000d0       0x30 ./PMSM_FOC/MCUInit/adc.o
 .debug_aranges
                0x00000100       0x20 ./PMSM_FOC/MCUInit/ccu4.o
 .debug_aranges
                0x00000120       0x30 ./PMSM_FOC/MCUInit/ccu8.o
 .debug_aranges
                0x00000150       0x20 ./PMSM_FOC/MCUInit/clock.o
 .debug_aranges
                0x00000170       0x20 ./PMSM_FOC/MCUInit/gpio.o
 .debug_aranges
                0x00000190       0x20 ./PMSM_FOC/MCUInit/math_init.o
 .debug_aranges
                0x000001b0       0x20 ./PMSM_FOC/MCUInit/mcuinit.o
 .debug_aranges
                0x000001d0       0x50 ./PMSM_FOC/MCUInit/uart.o
 .debug_aranges
                0x00000220       0x20 ./PMSM_FOC/MCUInit/wdt.o
 .debug_aranges
                0x00000240       0x20 ./PMSM_FOC/Interrupts/pmsm_foc_ctrap_isr.o
 .debug_aranges
                0x00000260       0x20 ./PMSM_FOC/Interrupts/pmsm_foc_error_handling.o
 .debug_aranges
                0x00000280       0x20 ./PMSM_FOC/Interrupts/pmsm_foc_statemachine.o
 .debug_aranges
                0x000002a0       0x28 ./PMSM_FOC/ControlModules/pmsm_foc_directfoc_startup.o
 .debug_aranges
                0x000002c8       0x50 ./PMSM_FOC/ControlModules/pmsm_foc_functions.o
 .debug_aranges
                0x00000318       0x60 ./PMSM_FOC/ControlModules/pmsm_foc_interface.o
 .debug_aranges
                0x00000378       0x20 ./PMSM_FOC/ControlModules/pmsm_foc_pi.o
 .debug_aranges
                0x00000398       0x18 ./PMSM_FOC/ControlModules/pmsm_foc_svmsinetable.o
 .debug_aranges
                0x000003b0       0x28 ./PMSM_FOC/ControlModules/pmsm_foc_torque_ctrl.o
 .debug_aranges
                0x000003d8       0x28 ./PMSM_FOC/Configuration/pmsm_foc_uCProbe_parameters.o
 .debug_aranges
                0x00000400       0x78 ./Libraries/XMCLib/src/xmc1_flash.o
 .debug_aranges
                0x00000478       0x28 ./Libraries/XMCLib/src/xmc1_gpio.o
 .debug_aranges
                0x000004a0      0x108 ./Libraries/XMCLib/src/xmc1_scu.o
 .debug_aranges
                0x000005a8      0x108 ./Libraries/XMCLib/src/xmc_ccu4.o
 .debug_aranges
                0x000006b0      0x158 ./Libraries/XMCLib/src/xmc_ccu8.o
 .debug_aranges
                0x00000808       0x28 ./Libraries/XMCLib/src/xmc_gpio.o
 .debug_aranges
                0x00000830       0xf0 ./Libraries/XMCLib/src/xmc_math.o
 .debug_aranges
                0x00000920      0x290 ./Libraries/XMCLib/src/xmc_vadc.o
 .debug_aranges
                0x00000bb0       0x30 ./Libraries/XMCLib/src/xmc_wdt.o
 .debug_aranges
                0x00000be0       0xa0 ./Libraries/Newlib/syscalls.o
 .debug_aranges
                0x00000c80       0x20 ./main.o

.debug_pubnames
 *(.debug_pubnames)

.debug_pubtypes
 *(.debug_pubtypes)

.debug_info     0x00000000    0x16de3
 *(.debug_info .gnu.linkonce.wi.*)
 .debug_info    0x00000000       0x71 ./Startup/startup_XMC1300.o
 .debug_info    0x00000071      0x2b8 ./Startup/system_XMC1300.o
 .debug_info    0x00000329      0x834 ./PMSM_FOC/MIDSys/pmsm_foc_current_threeshunt.o
 .debug_info    0x00000b5d      0xc14 ./PMSM_FOC/MIDSys/pmsm_foc_debug.o
 .debug_info    0x00001771      0x773 ./PMSM_FOC/MIDSys/pmsm_foc_pwmsvm.o
 .debug_info    0x00001ee4     0x1d6f ./PMSM_FOC/MCUInit/adc.o
 .debug_info    0x00003c53      0x279 ./PMSM_FOC/MCUInit/ccu4.o
 .debug_info    0x00003ecc     0x18a7 ./PMSM_FOC/MCUInit/ccu8.o
 .debug_info    0x00005773      0x2c3 ./PMSM_FOC/MCUInit/clock.o
 .debug_info    0x00005a36      0x518 ./PMSM_FOC/MCUInit/gpio.o
 .debug_info    0x00005f4e      0x2b1 ./PMSM_FOC/MCUInit/math_init.o
 .debug_info    0x000061ff      0x1d3 ./PMSM_FOC/MCUInit/mcuinit.o
 .debug_info    0x000063d2      0xe51 ./PMSM_FOC/MCUInit/uart.o
 .debug_info    0x00007223      0x198 ./PMSM_FOC/MCUInit/wdt.o
 .debug_info    0x000073bb      0x5c3 ./PMSM_FOC/Interrupts/pmsm_foc_ctrap_isr.o
 .debug_info    0x0000797e      0x976 ./PMSM_FOC/Interrupts/pmsm_foc_error_handling.o
 .debug_info    0x000082f4      0x4d3 ./PMSM_FOC/Interrupts/pmsm_foc_statemachine.o
 .debug_info    0x000087c7      0x865 ./PMSM_FOC/ControlModules/pmsm_foc_directfoc_startup.o
 .debug_info    0x0000902c     0x15a0 ./PMSM_FOC/ControlModules/pmsm_foc_functions.o
 .debug_info    0x0000a5cc     0x1507 ./PMSM_FOC/ControlModules/pmsm_foc_interface.o
 .debug_info    0x0000bad3      0x212 ./PMSM_FOC/ControlModules/pmsm_foc_pi.o
 .debug_info    0x0000bce5       0xc3 ./PMSM_FOC/ControlModules/pmsm_foc_svmsinetable.o
 .debug_info    0x0000bda8     0x1073 ./PMSM_FOC/ControlModules/pmsm_foc_torque_ctrl.o
 .debug_info    0x0000ce1b      0x82b ./PMSM_FOC/Configuration/pmsm_foc_uCProbe_parameters.o
 .debug_info    0x0000d646      0x5fe ./Libraries/XMCLib/src/xmc1_flash.o
 .debug_info    0x0000dc44      0x3e8 ./Libraries/XMCLib/src/xmc1_gpio.o
 .debug_info    0x0000e02c      0xe72 ./Libraries/XMCLib/src/xmc1_scu.o
 .debug_info    0x0000ee9e     0x13ed ./Libraries/XMCLib/src/xmc_ccu4.o
 .debug_info    0x0001028b     0x1aaa ./Libraries/XMCLib/src/xmc_ccu8.o
 .debug_info    0x00011d35      0x37f ./Libraries/XMCLib/src/xmc_gpio.o
 .debug_info    0x000120b4      0x8ed ./Libraries/XMCLib/src/xmc_math.o
 .debug_info    0x000129a1     0x37b7 ./Libraries/XMCLib/src/xmc_vadc.o
 .debug_info    0x00016158      0x2d1 ./Libraries/XMCLib/src/xmc_wdt.o
 .debug_info    0x00016429      0x5d3 ./Libraries/Newlib/syscalls.o
 .debug_info    0x000169fc      0x3e7 ./main.o

.debug_abbrev   0x00000000     0x3cf6
 *(.debug_abbrev)
 .debug_abbrev  0x00000000       0x12 ./Startup/startup_XMC1300.o
 .debug_abbrev  0x00000012      0x106 ./Startup/system_XMC1300.o
 .debug_abbrev  0x00000118      0x1a9 ./PMSM_FOC/MIDSys/pmsm_foc_current_threeshunt.o
 .debug_abbrev  0x000002c1      0x212 ./PMSM_FOC/MIDSys/pmsm_foc_debug.o
 .debug_abbrev  0x000004d3      0x160 ./PMSM_FOC/MIDSys/pmsm_foc_pwmsvm.o
 .debug_abbrev  0x00000633      0x23d ./PMSM_FOC/MCUInit/adc.o
 .debug_abbrev  0x00000870      0x140 ./PMSM_FOC/MCUInit/ccu4.o
 .debug_abbrev  0x000009b0      0x298 ./PMSM_FOC/MCUInit/ccu8.o
 .debug_abbrev  0x00000c48      0x17f ./PMSM_FOC/MCUInit/clock.o
 .debug_abbrev  0x00000dc7      0x10e ./PMSM_FOC/MCUInit/gpio.o
 .debug_abbrev  0x00000ed5      0x121 ./PMSM_FOC/MCUInit/math_init.o
 .debug_abbrev  0x00000ff6       0xd7 ./PMSM_FOC/MCUInit/mcuinit.o
 .debug_abbrev  0x000010cd      0x2b9 ./PMSM_FOC/MCUInit/uart.o
 .debug_abbrev  0x00001386      0x11e ./PMSM_FOC/MCUInit/wdt.o
 .debug_abbrev  0x000014a4      0x17e ./PMSM_FOC/Interrupts/pmsm_foc_ctrap_isr.o
 .debug_abbrev  0x00001622      0x1d4 ./PMSM_FOC/Interrupts/pmsm_foc_error_handling.o
 .debug_abbrev  0x000017f6       0xff ./PMSM_FOC/Interrupts/pmsm_foc_statemachine.o
 .debug_abbrev  0x000018f5      0x1e9 ./PMSM_FOC/ControlModules/pmsm_foc_directfoc_startup.o
 .debug_abbrev  0x00001ade      0x2ce ./PMSM_FOC/ControlModules/pmsm_foc_functions.o
 .debug_abbrev  0x00001dac      0x36f ./PMSM_FOC/ControlModules/pmsm_foc_interface.o
 .debug_abbrev  0x0000211b       0xbd ./PMSM_FOC/ControlModules/pmsm_foc_pi.o
 .debug_abbrev  0x000021d8       0x5d ./PMSM_FOC/ControlModules/pmsm_foc_svmsinetable.o
 .debug_abbrev  0x00002235      0x26d ./PMSM_FOC/ControlModules/pmsm_foc_torque_ctrl.o
 .debug_abbrev  0x000024a2      0x12a ./PMSM_FOC/Configuration/pmsm_foc_uCProbe_parameters.o
 .debug_abbrev  0x000025cc      0x1ee ./Libraries/XMCLib/src/xmc1_flash.o
 .debug_abbrev  0x000027ba       0xdd ./Libraries/XMCLib/src/xmc1_gpio.o
 .debug_abbrev  0x00002897      0x37e ./Libraries/XMCLib/src/xmc1_scu.o
 .debug_abbrev  0x00002c15      0x2bb ./Libraries/XMCLib/src/xmc_ccu4.o
 .debug_abbrev  0x00002ed0      0x2dd ./Libraries/XMCLib/src/xmc_ccu8.o
 .debug_abbrev  0x000031ad       0xec ./Libraries/XMCLib/src/xmc_gpio.o
 .debug_abbrev  0x00003299      0x19e ./Libraries/XMCLib/src/xmc_math.o
 .debug_abbrev  0x00003437      0x3c1 ./Libraries/XMCLib/src/xmc_vadc.o
 .debug_abbrev  0x000037f8      0x1b6 ./Libraries/XMCLib/src/xmc_wdt.o
 .debug_abbrev  0x000039ae      0x17e ./Libraries/Newlib/syscalls.o
 .debug_abbrev  0x00003b2c      0x1ca ./main.o

.debug_line     0x00000000     0x7169
 *(.debug_line)
 .debug_line    0x00000000      0x102 ./Startup/startup_XMC1300.o
 .debug_line    0x00000102      0x1af ./Startup/system_XMC1300.o
 .debug_line    0x000002b1      0x271 ./PMSM_FOC/MIDSys/pmsm_foc_current_threeshunt.o
 .debug_line    0x00000522      0x316 ./PMSM_FOC/MIDSys/pmsm_foc_debug.o
 .debug_line    0x00000838      0x2e1 ./PMSM_FOC/MIDSys/pmsm_foc_pwmsvm.o
 .debug_line    0x00000b19      0x2a1 ./PMSM_FOC/MCUInit/adc.o
 .debug_line    0x00000dba      0x1b7 ./PMSM_FOC/MCUInit/ccu4.o
 .debug_line    0x00000f71      0x3da ./PMSM_FOC/MCUInit/ccu8.o
 .debug_line    0x0000134b      0x20e ./PMSM_FOC/MCUInit/clock.o
 .debug_line    0x00001559      0x15b ./PMSM_FOC/MCUInit/gpio.o
 .debug_line    0x000016b4      0x1fe ./PMSM_FOC/MCUInit/math_init.o
 .debug_line    0x000018b2      0x216 ./PMSM_FOC/MCUInit/mcuinit.o
 .debug_line    0x00001ac8      0x3f9 ./PMSM_FOC/MCUInit/uart.o
 .debug_line    0x00001ec1      0x1b0 ./PMSM_FOC/MCUInit/wdt.o
 .debug_line    0x00002071      0x2b4 ./PMSM_FOC/Interrupts/pmsm_foc_ctrap_isr.o
 .debug_line    0x00002325      0x2df ./PMSM_FOC/Interrupts/pmsm_foc_error_handling.o
 .debug_line    0x00002604      0x2a2 ./PMSM_FOC/Interrupts/pmsm_foc_statemachine.o
 .debug_line    0x000028a6      0x393 ./PMSM_FOC/ControlModules/pmsm_foc_directfoc_startup.o
 .debug_line    0x00002c39      0x3f9 ./PMSM_FOC/ControlModules/pmsm_foc_functions.o
 .debug_line    0x00003032      0x6ca ./PMSM_FOC/ControlModules/pmsm_foc_interface.o
 .debug_line    0x000036fc      0x1b9 ./PMSM_FOC/ControlModules/pmsm_foc_pi.o
 .debug_line    0x000038b5       0xfd ./PMSM_FOC/ControlModules/pmsm_foc_svmsinetable.o
 .debug_line    0x000039b2      0x3a0 ./PMSM_FOC/ControlModules/pmsm_foc_torque_ctrl.o
 .debug_line    0x00003d52      0x320 ./PMSM_FOC/Configuration/pmsm_foc_uCProbe_parameters.o
 .debug_line    0x00004072      0x3ac ./Libraries/XMCLib/src/xmc1_flash.o
 .debug_line    0x0000441e      0x18e ./Libraries/XMCLib/src/xmc1_gpio.o
 .debug_line    0x000045ac      0x5c4 ./Libraries/XMCLib/src/xmc1_scu.o
 .debug_line    0x00004b70      0x560 ./Libraries/XMCLib/src/xmc_ccu4.o
 .debug_line    0x000050d0      0x684 ./Libraries/XMCLib/src/xmc_ccu8.o
 .debug_line    0x00005754      0x17b ./Libraries/XMCLib/src/xmc_gpio.o
 .debug_line    0x000058cf      0x492 ./Libraries/XMCLib/src/xmc_math.o
 .debug_line    0x00005d61      0xcf7 ./Libraries/XMCLib/src/xmc_vadc.o
 .debug_line    0x00006a58      0x213 ./Libraries/XMCLib/src/xmc_wdt.o
 .debug_line    0x00006c6b      0x20c ./Libraries/Newlib/syscalls.o
 .debug_line    0x00006e77      0x2f2 ./main.o

.debug_frame    0x00000000     0x1e00
 *(.debug_frame)
 .debug_frame   0x00000000       0x74 ./Startup/system_XMC1300.o
 .debug_frame   0x00000074       0x40 ./PMSM_FOC/MIDSys/pmsm_foc_current_threeshunt.o
 .debug_frame   0x000000b4       0x40 ./PMSM_FOC/MIDSys/pmsm_foc_debug.o
 .debug_frame   0x000000f4       0x34 ./PMSM_FOC/MIDSys/pmsm_foc_pwmsvm.o
 .debug_frame   0x00000128       0x70 ./PMSM_FOC/MCUInit/adc.o
 .debug_frame   0x00000198       0x2c ./PMSM_FOC/MCUInit/ccu4.o
 .debug_frame   0x000001c4       0x8c ./PMSM_FOC/MCUInit/ccu8.o
 .debug_frame   0x00000250       0x2c ./PMSM_FOC/MCUInit/clock.o
 .debug_frame   0x0000027c       0x2c ./PMSM_FOC/MCUInit/gpio.o
 .debug_frame   0x000002a8       0x2c ./PMSM_FOC/MCUInit/math_init.o
 .debug_frame   0x000002d4       0x2c ./PMSM_FOC/MCUInit/mcuinit.o
 .debug_frame   0x00000300       0xb8 ./PMSM_FOC/MCUInit/uart.o
 .debug_frame   0x000003b8       0x2c ./PMSM_FOC/MCUInit/wdt.o
 .debug_frame   0x000003e4       0x2c ./PMSM_FOC/Interrupts/pmsm_foc_ctrap_isr.o
 .debug_frame   0x00000410       0x2c ./PMSM_FOC/Interrupts/pmsm_foc_error_handling.o
 .debug_frame   0x0000043c       0x2c ./PMSM_FOC/Interrupts/pmsm_foc_statemachine.o
 .debug_frame   0x00000468       0x50 ./PMSM_FOC/ControlModules/pmsm_foc_directfoc_startup.o
 .debug_frame   0x000004b8       0xc0 ./PMSM_FOC/ControlModules/pmsm_foc_functions.o
 .debug_frame   0x00000578      0x140 ./PMSM_FOC/ControlModules/pmsm_foc_interface.o
 .debug_frame   0x000006b8       0x30 ./PMSM_FOC/ControlModules/pmsm_foc_pi.o
 .debug_frame   0x000006e8       0x60 ./PMSM_FOC/ControlModules/pmsm_foc_torque_ctrl.o
 .debug_frame   0x00000748       0x48 ./PMSM_FOC/Configuration/pmsm_foc_uCProbe_parameters.o
 .debug_frame   0x00000790      0x158 ./Libraries/XMCLib/src/xmc1_flash.o
 .debug_frame   0x000008e8       0x54 ./Libraries/XMCLib/src/xmc1_gpio.o
 .debug_frame   0x0000093c      0x27c ./Libraries/XMCLib/src/xmc1_scu.o
 .debug_frame   0x00000bb8      0x2a4 ./Libraries/XMCLib/src/xmc_ccu4.o
 .debug_frame   0x00000e5c      0x344 ./Libraries/XMCLib/src/xmc_ccu8.o
 .debug_frame   0x000011a0       0x48 ./Libraries/XMCLib/src/xmc_gpio.o
 .debug_frame   0x000011e8      0x1d8 ./Libraries/XMCLib/src/xmc_math.o
 .debug_frame   0x000013c0      0x7a4 ./Libraries/XMCLib/src/xmc_vadc.o
 .debug_frame   0x00001b64       0x64 ./Libraries/XMCLib/src/xmc_wdt.o
 .debug_frame   0x00001bc8      0x12c ./Libraries/Newlib/syscalls.o
 .debug_frame   0x00001cf4       0x2c ./main.o
 .debug_frame   0x00001d20       0x2c c:/dave-ide-4.4.2-64bit/eclipse/arm-gcc-49/bin/../lib/gcc/arm-none-eabi/4.9.3/armv6-m\libgcc.a(eqsf2.o)
 .debug_frame   0x00001d4c       0x30 c:/dave-ide-4.4.2-64bit/eclipse/arm-gcc-49/bin/../lib/gcc/arm-none-eabi/4.9.3/armv6-m\libgcc.a(gesf2.o)
 .debug_frame   0x00001d7c       0x30 c:/dave-ide-4.4.2-64bit/eclipse/arm-gcc-49/bin/../lib/gcc/arm-none-eabi/4.9.3/armv6-m\libgcc.a(lesf2.o)
 .debug_frame   0x00001dac       0x28 c:/dave-ide-4.4.2-64bit/eclipse/arm-gcc-49/bin/../lib/gcc/arm-none-eabi/4.9.3/armv6-m\libgcc.a(floatunsisf.o)
 .debug_frame   0x00001dd4       0x2c c:/dave-ide-4.4.2-64bit/eclipse/arm-gcc-49/bin/../lib/gcc/arm-none-eabi/4.9.3/../../../../arm-none-eabi/lib/armv6-m\libg_nano.a(lib_a-init.o)

.debug_str      0x00000000     0x94d5
 *(.debug_str)
 .debug_str     0x00000000      0x25a ./Startup/system_XMC1300.o
                                0x2ab (size before relaxing)
 .debug_str     0x0000025a      0x3f7 ./PMSM_FOC/MIDSys/pmsm_foc_current_threeshunt.o
                                0x5e2 (size before relaxing)
 .debug_str     0x00000651      0x3b9 ./PMSM_FOC/MIDSys/pmsm_foc_debug.o
                                0x7db (size before relaxing)
 .debug_str     0x00000a0a      0x366 ./PMSM_FOC/MIDSys/pmsm_foc_pwmsvm.o
                                0x664 (size before relaxing)
 .debug_str     0x00000d70     0x14a0 ./PMSM_FOC/MCUInit/adc.o
                               0x1852 (size before relaxing)
 .debug_str     0x00002210      0x1cb ./PMSM_FOC/MCUInit/ccu4.o
                                0x3a3 (size before relaxing)
 .debug_str     0x000023db     0x1209 ./PMSM_FOC/MCUInit/ccu8.o
                               0x1731 (size before relaxing)
 .debug_str     0x000035e4      0x33a ./PMSM_FOC/MCUInit/clock.o
                                0x4f4 (size before relaxing)
 .debug_str     0x0000391e      0x5be ./PMSM_FOC/MCUInit/gpio.o
                                0x7d0 (size before relaxing)
 .debug_str     0x00003edc      0x1a4 ./PMSM_FOC/MCUInit/math_init.o
                                0x3bb (size before relaxing)
 .debug_str     0x00004080       0x56 ./PMSM_FOC/MCUInit/mcuinit.o
                                0x28a (size before relaxing)
 .debug_str     0x000040d6       0xbf ./PMSM_FOC/MCUInit/uart.o
                                0xc7f (size before relaxing)
 .debug_str     0x00004195       0xb1 ./PMSM_FOC/MCUInit/wdt.o
                                0x262 (size before relaxing)
 .debug_str     0x00004246       0x5c ./PMSM_FOC/Interrupts/pmsm_foc_ctrap_isr.o
                                0x617 (size before relaxing)
 .debug_str     0x000042a2       0x68 ./PMSM_FOC/Interrupts/pmsm_foc_error_handling.o
                                0x941 (size before relaxing)
 .debug_str     0x0000430a      0x13b ./PMSM_FOC/Interrupts/pmsm_foc_statemachine.o
                                0x625 (size before relaxing)
 .debug_str     0x00004445      0x18d ./PMSM_FOC/ControlModules/pmsm_foc_directfoc_startup.o
                                0x86b (size before relaxing)
 .debug_str     0x000045d2      0x342 ./PMSM_FOC/ControlModules/pmsm_foc_functions.o
                                0xe33 (size before relaxing)
 .debug_str     0x00004914      0x291 ./PMSM_FOC/ControlModules/pmsm_foc_interface.o
                                0xf2b (size before relaxing)
 .debug_str     0x00004ba5       0x3c ./PMSM_FOC/ControlModules/pmsm_foc_pi.o
                                0x2ae (size before relaxing)
 .debug_str     0x00004be1       0x33 ./PMSM_FOC/ControlModules/pmsm_foc_svmsinetable.o
                                0x1d8 (size before relaxing)
 .debug_str     0x00004c14      0x116 ./PMSM_FOC/ControlModules/pmsm_foc_torque_ctrl.o
                                0xaf6 (size before relaxing)
 .debug_str     0x00004d2a       0x38 ./PMSM_FOC/Configuration/pmsm_foc_uCProbe_parameters.o
                                0x857 (size before relaxing)
 .debug_str     0x00004d62      0x426 ./Libraries/XMCLib/src/xmc1_flash.o
                                0x5f4 (size before relaxing)
 .debug_str     0x00005188       0x40 ./Libraries/XMCLib/src/xmc1_gpio.o
                                0x79c (size before relaxing)
 .debug_str     0x000051c8      0x64a ./Libraries/XMCLib/src/xmc1_scu.o
                                0xc14 (size before relaxing)
 .debug_str     0x00005812     0x1012 ./Libraries/XMCLib/src/xmc_ccu4.o
                               0x1674 (size before relaxing)
 .debug_str     0x00006824      0xb07 ./Libraries/XMCLib/src/xmc_ccu8.o
                               0x1ddd (size before relaxing)
 .debug_str     0x0000732b       0xb9 ./Libraries/XMCLib/src/xmc_gpio.o
                                0x6ea (size before relaxing)
 .debug_str     0x000073e4      0x63d ./Libraries/XMCLib/src/xmc_math.o
                                0x8a2 (size before relaxing)
 .debug_str     0x00007a21     0x183f ./Libraries/XMCLib/src/xmc_vadc.o
                               0x2ca2 (size before relaxing)
 .debug_str     0x00009260       0x41 ./Libraries/XMCLib/src/xmc_wdt.o
                                0x419 (size before relaxing)
 .debug_str     0x000092a1      0x216 ./Libraries/Newlib/syscalls.o
                                0x3c4 (size before relaxing)
 .debug_str     0x000094b7       0x1e ./main.o
                                0x3a4 (size before relaxing)

.debug_loc      0x00000000     0x6a09
 *(.debug_loc)
 .debug_loc     0x00000000       0xfd ./PMSM_FOC/MIDSys/pmsm_foc_current_threeshunt.o
 .debug_loc     0x000000fd      0x1f3 ./PMSM_FOC/MIDSys/pmsm_foc_pwmsvm.o
 .debug_loc     0x000002f0       0x4c ./PMSM_FOC/MCUInit/adc.o
 .debug_loc     0x0000033c      0x2b9 ./PMSM_FOC/MCUInit/uart.o
 .debug_loc     0x000005f5       0xf0 ./PMSM_FOC/ControlModules/pmsm_foc_directfoc_startup.o
 .debug_loc     0x000006e5       0xec ./PMSM_FOC/ControlModules/pmsm_foc_functions.o
 .debug_loc     0x000007d1      0x761 ./PMSM_FOC/ControlModules/pmsm_foc_interface.o
 .debug_loc     0x00000f32      0x602 ./PMSM_FOC/ControlModules/pmsm_foc_torque_ctrl.o
 .debug_loc     0x00001534      0x5cc ./Libraries/XMCLib/src/xmc1_flash.o
 .debug_loc     0x00001b00       0xe7 ./Libraries/XMCLib/src/xmc1_gpio.o
 .debug_loc     0x00001be7      0x66a ./Libraries/XMCLib/src/xmc1_scu.o
 .debug_loc     0x00002251      0xa40 ./Libraries/XMCLib/src/xmc_ccu4.o
 .debug_loc     0x00002c91      0xbfc ./Libraries/XMCLib/src/xmc_ccu8.o
 .debug_loc     0x0000388d       0xa5 ./Libraries/XMCLib/src/xmc_gpio.o
 .debug_loc     0x00003932      0x412 ./Libraries/XMCLib/src/xmc_math.o
 .debug_loc     0x00003d44     0x2a21 ./Libraries/XMCLib/src/xmc_vadc.o
 .debug_loc     0x00006765       0x2c ./Libraries/XMCLib/src/xmc_wdt.o
 .debug_loc     0x00006791      0x248 ./Libraries/Newlib/syscalls.o
 .debug_loc     0x000069d9       0x30 ./main.o

.debug_macinfo
 *(.debug_macinfo)

.debug_ranges   0x00000000     0x1410
 *(.debug_ranges)
 .debug_ranges  0x00000000       0x20 ./Startup/startup_XMC1300.o
 .debug_ranges  0x00000020       0x28 ./Startup/system_XMC1300.o
 .debug_ranges  0x00000048       0x18 ./PMSM_FOC/MIDSys/pmsm_foc_current_threeshunt.o
 .debug_ranges  0x00000060       0x18 ./PMSM_FOC/MIDSys/pmsm_foc_debug.o
 .debug_ranges  0x00000078       0x10 ./PMSM_FOC/MIDSys/pmsm_foc_pwmsvm.o
 .debug_ranges  0x00000088       0xc8 ./PMSM_FOC/MCUInit/adc.o
 .debug_ranges  0x00000150       0x10 ./PMSM_FOC/MCUInit/ccu4.o
 .debug_ranges  0x00000160      0x1c8 ./PMSM_FOC/MCUInit/ccu8.o
 .debug_ranges  0x00000328       0x48 ./PMSM_FOC/MCUInit/clock.o
 .debug_ranges  0x00000370       0x10 ./PMSM_FOC/MCUInit/gpio.o
 .debug_ranges  0x00000380       0x28 ./PMSM_FOC/MCUInit/math_init.o
 .debug_ranges  0x000003a8       0x10 ./PMSM_FOC/MCUInit/mcuinit.o
 .debug_ranges  0x000003b8       0x98 ./PMSM_FOC/MCUInit/uart.o
 .debug_ranges  0x00000450       0x10 ./PMSM_FOC/MCUInit/wdt.o
 .debug_ranges  0x00000460       0x28 ./PMSM_FOC/Interrupts/pmsm_foc_ctrap_isr.o
 .debug_ranges  0x00000488       0x10 ./PMSM_FOC/Interrupts/pmsm_foc_error_handling.o
 .debug_ranges  0x00000498       0x10 ./PMSM_FOC/Interrupts/pmsm_foc_statemachine.o
 .debug_ranges  0x000004a8       0x48 ./PMSM_FOC/ControlModules/pmsm_foc_directfoc_startup.o
 .debug_ranges  0x000004f0       0x70 ./PMSM_FOC/ControlModules/pmsm_foc_functions.o
 .debug_ranges  0x00000560      0x148 ./PMSM_FOC/ControlModules/pmsm_foc_interface.o
 .debug_ranges  0x000006a8       0x10 ./PMSM_FOC/ControlModules/pmsm_foc_pi.o
 .debug_ranges  0x000006b8      0x118 ./PMSM_FOC/ControlModules/pmsm_foc_torque_ctrl.o
 .debug_ranges  0x000007d0       0x50 ./PMSM_FOC/Configuration/pmsm_foc_uCProbe_parameters.o
 .debug_ranges  0x00000820      0x140 ./Libraries/XMCLib/src/xmc1_flash.o
 .debug_ranges  0x00000960       0x18 ./Libraries/XMCLib/src/xmc1_gpio.o
 .debug_ranges  0x00000978      0x1e8 ./Libraries/XMCLib/src/xmc1_scu.o
 .debug_ranges  0x00000b60      0x110 ./Libraries/XMCLib/src/xmc_ccu4.o
 .debug_ranges  0x00000c70      0x198 ./Libraries/XMCLib/src/xmc_ccu8.o
 .debug_ranges  0x00000e08       0x18 ./Libraries/XMCLib/src/xmc_gpio.o
 .debug_ranges  0x00000e20       0xe0 ./Libraries/XMCLib/src/xmc_math.o
 .debug_ranges  0x00000f00      0x450 ./Libraries/XMCLib/src/xmc_vadc.o
 .debug_ranges  0x00001350       0x20 ./Libraries/XMCLib/src/xmc_wdt.o
 .debug_ranges  0x00001370       0x90 ./Libraries/Newlib/syscalls.o
 .debug_ranges  0x00001400       0x10 ./main.o

.debug_weaknames
 *(.debug_weaknames)

.debug_funcnames
 *(.debug_funcnames)

.debug_typenames
 *(.debug_typenames)

.debug_varnames
 *(.debug_varnames)

.build_attributes
                0x00000000      0x7ec
 *(.ARM.attributes)
 .ARM.attributes
                0x00000000       0x21 ./Startup/startup_XMC1300.o
 .ARM.attributes
                0x00000021       0x31 ./Startup/system_XMC1300.o
 .ARM.attributes
                0x00000052       0x31 ./PMSM_FOC/MIDSys/pmsm_foc_current_threeshunt.o
 .ARM.attributes
                0x00000083       0x31 ./PMSM_FOC/MIDSys/pmsm_foc_debug.o
 .ARM.attributes
                0x000000b4       0x31 ./PMSM_FOC/MIDSys/pmsm_foc_pwmsvm.o
 .ARM.attributes
                0x000000e5       0x31 ./PMSM_FOC/MCUInit/adc.o
 .ARM.attributes
                0x00000116       0x31 ./PMSM_FOC/MCUInit/ccu4.o
 .ARM.attributes
                0x00000147       0x31 ./PMSM_FOC/MCUInit/ccu8.o
 .ARM.attributes
                0x00000178       0x31 ./PMSM_FOC/MCUInit/clock.o
 .ARM.attributes
                0x000001a9       0x31 ./PMSM_FOC/MCUInit/gpio.o
 .ARM.attributes
                0x000001da       0x31 ./PMSM_FOC/MCUInit/math_init.o
 .ARM.attributes
                0x0000020b       0x31 ./PMSM_FOC/MCUInit/mcuinit.o
 .ARM.attributes
                0x0000023c       0x31 ./PMSM_FOC/MCUInit/uart.o
 .ARM.attributes
                0x0000026d       0x31 ./PMSM_FOC/MCUInit/wdt.o
 .ARM.attributes
                0x0000029e       0x31 ./PMSM_FOC/Interrupts/pmsm_foc_ctrap_isr.o
 .ARM.attributes
                0x000002cf       0x31 ./PMSM_FOC/Interrupts/pmsm_foc_error_handling.o
 .ARM.attributes
                0x00000300       0x31 ./PMSM_FOC/Interrupts/pmsm_foc_statemachine.o
 .ARM.attributes
                0x00000331       0x31 ./PMSM_FOC/ControlModules/pmsm_foc_directfoc_startup.o
 .ARM.attributes
                0x00000362       0x31 ./PMSM_FOC/ControlModules/pmsm_foc_functions.o
 .ARM.attributes
                0x00000393       0x31 ./PMSM_FOC/ControlModules/pmsm_foc_interface.o
 .ARM.attributes
                0x000003c4       0x31 ./PMSM_FOC/ControlModules/pmsm_foc_pi.o
 .ARM.attributes
                0x000003f5       0x31 ./PMSM_FOC/ControlModules/pmsm_foc_svmsinetable.o
 .ARM.attributes
                0x00000426       0x31 ./PMSM_FOC/ControlModules/pmsm_foc_torque_ctrl.o
 .ARM.attributes
                0x00000457       0x31 ./PMSM_FOC/Configuration/pmsm_foc_uCProbe_parameters.o
 .ARM.attributes
                0x00000488       0x31 ./Libraries/XMCLib/src/xmc1_flash.o
 .ARM.attributes
                0x000004b9       0x31 ./Libraries/XMCLib/src/xmc1_gpio.o
 .ARM.attributes
                0x000004ea       0x31 ./Libraries/XMCLib/src/xmc1_scu.o
 .ARM.attributes
                0x0000051b       0x31 ./Libraries/XMCLib/src/xmc_ccu4.o
 .ARM.attributes
                0x0000054c       0x31 ./Libraries/XMCLib/src/xmc_ccu8.o
 .ARM.attributes
                0x0000057d       0x31 ./Libraries/XMCLib/src/xmc_gpio.o
 .ARM.attributes
                0x000005ae       0x31 ./Libraries/XMCLib/src/xmc_math.o
 .ARM.attributes
                0x000005df       0x31 ./Libraries/XMCLib/src/xmc_vadc.o
 .ARM.attributes
                0x00000610       0x31 ./Libraries/XMCLib/src/xmc_wdt.o
 .ARM.attributes
                0x00000641       0x31 ./Libraries/Newlib/syscalls.o
 .ARM.attributes
                0x00000672       0x31 ./main.o
 .ARM.attributes
                0x000006a3       0x31 C:\Users\choeoliv\Desktop\IFKOR FOC DRIVE\PMSM_FOC\FOCLib\libPLL_Estimator.a(pmsm_foc_pll_estimator.o)
 .ARM.attributes
                0x000006d4       0x1e c:/dave-ide-4.4.2-64bit/eclipse/arm-gcc-49/bin/../lib/gcc/arm-none-eabi/4.9.3/armv6-m\libgcc.a(_arm_cmpsf2.o)
 .ARM.attributes
                0x000006f2       0x2c c:/dave-ide-4.4.2-64bit/eclipse/arm-gcc-49/bin/../lib/gcc/arm-none-eabi/4.9.3/armv6-m\libgcc.a(eqsf2.o)
 .ARM.attributes
                0x0000071e       0x2c c:/dave-ide-4.4.2-64bit/eclipse/arm-gcc-49/bin/../lib/gcc/arm-none-eabi/4.9.3/armv6-m\libgcc.a(gesf2.o)
 .ARM.attributes
                0x0000074a       0x2c c:/dave-ide-4.4.2-64bit/eclipse/arm-gcc-49/bin/../lib/gcc/arm-none-eabi/4.9.3/armv6-m\libgcc.a(lesf2.o)
 .ARM.attributes
                0x00000776       0x2c c:/dave-ide-4.4.2-64bit/eclipse/arm-gcc-49/bin/../lib/gcc/arm-none-eabi/4.9.3/armv6-m\libgcc.a(floatunsisf.o)
 .ARM.attributes
                0x000007a2       0x1e c:/dave-ide-4.4.2-64bit/eclipse/arm-gcc-49/bin/../lib/gcc/arm-none-eabi/4.9.3/armv6-m\libgcc.a(_clzsi2.o)
 .ARM.attributes
                0x000007c0       0x2c c:/dave-ide-4.4.2-64bit/eclipse/arm-gcc-49/bin/../lib/gcc/arm-none-eabi/4.9.3/../../../../arm-none-eabi/lib/armv6-m\libg_nano.a(lib_a-init.o)
OUTPUT(IFKOR_FOC_DRIVE.elf elf32-littlearm)
